
Sativa@DESKTOP-RJI8GMK MINGW64 ~/test/ironhack/datamex0120/module-1/lab-bash (lab-bash)
$ ls
exercices/  inputs/  lorem/  lorem-copy/  outputs/  README.md

------Imprime en consola "Hello World"
Sativa@DESKTOP-RJI8GMK MINGW64 ~/test/ironhack/datamex0120/module-1/lab-bash (lab-bash)
$ echo "Hello world!"
Hello world!

------Crea un directorio nuevo llamado `new_dir`
Sativa@DESKTOP-RJI8GMK MINGW64 ~/test/ironhack/datamex0120/module-1/lab-bash (lab-bash)
$ mkdir new_dir
Sativa@DESKTOP-RJI8GMK MINGW64 ~/test/ironhack/datamex0120/module-1/lab-bash (lab-bash)
$ ls
exercices/  inputs/  lorem/  lorem-copy/  new_dir/  outputs/  README.md

------Elimina ese directorio.
Sativa@DESKTOP-RJI8GMK MINGW64 ~/test/ironhack/datamex0120/module-1/lab-bash (lab-bash)
$ rm -d new_dir/
Sativa@DESKTOP-RJI8GMK MINGW64 ~/test/ironhack/datamex0120/module-1/lab-bash (lab-bash)
$ ls
exercices/  inputs/  lorem/  lorem-copy/  outputs/  README.md

------Copia el archivo `sed.txt` dentro de la carpeta lorem a la carpeta lorem-copy.
Sativa@DESKTOP-RJI8GMK MINGW64 ~/test/ironhack/datamex0120/module-1/lab-bash/ (lab-bash)
$ cp lorem/sed.txt lorem-copy

------Copia los otros dos archivos de la carpeta lorem a la carpeta lorem-copy en una sola linea mediante el pipe `;`.
Sativa@DESKTOP-RJI8GMK MINGW64 ~/test/ironhack/datamex0120/module-1/lab-bash/ (lab-bash)
$ cp lorem/at.txt lorem-copy | cp lorem/lorem.txt lorem-copy

------ Muestra el contenido del archivo `sed.txt` dentro de la carpeta lorem.
Sativa@DESKTOP-RJI8GMK MINGW64 ~/test/ironhack/datamex0120/module-1/lab-bash (lab-bash)
$ cat lorem/sed.txt
Sed ut perspiciatis unde omnis iste natus error sit voluptatem accusantium doloremque laudantium,
totam rem aperiam, eaque ipsa quae ab illo inventore veritatis et quasi architecto beatae vitae dicta sunt explicabo.
Nemo enim ipsam voluptatem quia voluptas sit aspernatur aut odit aut fugit,
sed quia consequuntur magni dolores eos qui ratione voluptatem sequi nesciunt.
Neque porro quisquam est, qui dolorem ipsum quia dolor sit amet, consectetur, adipisci velit,
sed quia non numquam eius modi tempora incidunt ut labore et dolore magnam aliquam quaerat voluptatem.
Ut enim ad minima veniam, quis nostrum exercitationem ullam corporis suscipit laboriosam,
nisi ut aliquid ex ea commodi consequatur? Quis autem vel eum iure reprehenderit qui in ea voluptate velit esse quam nihil molestiae consequatur,
vel illum qui dolorem eum fugiat quo voluptas nulla pariatur?

------Muestra el contenido de los archivos `at.txt` y `lorem.txt` dentro de la carpeta lorem. 
Sativa@DESKTOP-RJI8GMK MINGW64 ~/test/ironhack/datamex0120/module-1/lab-bash (lab-bash)
$ cat lorem/*.txt
At vero eos et accusamus et iusto odio dignissimos ducimus qui blanditiis praesentium voluptatum
deleniti atque corrupti quos dolores et quas molestias excepturi sint occaecati cupiditate non
provident, similique sunt in culpa qui officia deserunt mollitia animi, id est laborum et dolorum fuga.
Et harum quidem rerum facilis est et expedita distinctio.
Nam libero tempore, cum soluta nobis est eligendi optio cumque nihil impedit quo minus id quod
maxime placeat facere possimus, omnis voluptas assumenda est, omnis dolor repellendus.
Temporibus autem quibusdam et aut officiis debitis aut rerum necessitatibus saepe eveniet
ut et voluptates repudiandae sint et molestiae non recusandae.
Itaque earum rerum hic tenetur a sapiente delectus, ut aut reiciendis voluptatibus maiores
alias consequatur aut perferendis doloribus asperiores repellatLorem ipsum dolor sit amet, consectetur adipiscing elit, sed do eiusmod tempor incididunt ut labore et dolore magna aliqua.
Ut enim ad minim veniam, quis nostrud exercitation ullamco laboris nisi ut aliquip ex ea commodo consequat.
Duis aute irure dolor in reprehenderit in voluptate velit esse cillum dolore eu fugiat nulla pariatur.
Excepteur sint occaecat cupidatat non proident, sunt in culpa qui officia deserunt mollit anim id est laborum.Sed ut perspiciatis unde omnis iste natus error sit voluptatem accusantium doloremque laudantium,
totam rem aperiam, eaque ipsa quae ab illo inventore veritatis et quasi architecto beatae vitae dicta sunt explicabo.
Nemo enim ipsam voluptatem quia voluptas sit aspernatur aut odit aut fugit,
sed quia consequuntur magni dolores eos qui ratione voluptatem sequi nesciunt.
Neque porro quisquam est, qui dolorem ipsum quia dolor sit amet, consectetur, adipisci velit,
sed quia non numquam eius modi tempora incidunt ut labore et dolore magnam aliquam quaerat voluptatem.
Ut enim ad minima veniam, quis nostrum exercitationem ullam corporis suscipit laboriosam,
nisi ut aliquid ex ea commodi consequatur? Quis autem vel eum iure reprehenderit qui in ea voluptate velit esse quam nihil molestiae consequatur,
vel illum qui dolorem eum fugiat quo voluptas nulla pariatur?

------Visualiza las primeras 3 lineas del archivo `sed.txt` dentro de la carpeta lorem-copy 
Sativa@DESKTOP-RJI8GMK MINGW64 ~/test/ironhack/datamex0120/module-1/lab-bash (lab-bash)
$ head -n3 lorem-copy/sed.txt
Sed ut perspiciatis unde omnis iste natus error sit voluptatem accusantium doloremque laudantium,
totam rem aperiam, eaque ipsa quae ab illo inventore veritatis et quasi architecto beatae vitae dicta sunt explicabo.
Nemo enim ipsam voluptatem quia voluptas sit aspernatur aut odit aut fugit,

------Visualiza las ultimas 3 lineas del archivo `sed.txt` dentro de la carpeta lorem-copy 
Sativa@DESKTOP-RJI8GMK MINGW64 ~/test/ironhack/datamex0120/module-1/lab-bash (lab-bash)
$ tail -n3 lorem-copy/sed.txt
Ut enim ad minima veniam, quis nostrum exercitationem ullam corporis suscipit laboriosam,
nisi ut aliquid ex ea commodi consequatur? Quis autem vel eum iure reprehenderit qui in ea voluptate velit esse quam nihil molestiae consequatur,
vel illum qui dolorem eum fugiat quo voluptas nulla pariatur?

------Añade `Homo homini lupus.` al final de archivo `sed.txt` dentro de la carpeta lorem-copy. 
Sativa@DESKTOP-RJI8GMK MINGW64 ~/test/ironhack/datamex0120/module-1/lab-bash (lab-bash)
$ echo "Homo homini lupus" >> lorem-copy/sed.txt

------Visualiza las últimas 3 linas del archivo `sed.txt` dentro de la carpeta lorem-copy. Deberías ver ahora `Homo homini lupus.`. 
Sativa@DESKTOP-RJI8GMK MINGW64 ~/test/ironhack/datamex0120/module-1/lab-bash (lab-bash)
$ tail -n3 lorem-copy/sed.txt
Ut enim ad minima veniam, quis nostrum exercitationem ullam corporis suscipit laboriosam,
nisi ut aliquid ex ea commodi consequatur? Quis autem vel eum iure reprehenderit qui in ea voluptate velit esse quam nihil molestiae consequatur,
vel illum qui dolorem eum fugiat quo voluptas nulla pariatur?Homo homini lupus

------Sustituye todas las apariciones de `et` por `ET` del archivo `at.txt` dentro de la carpeta lorem a la carpeta lorem-copy. Deberás usar `sed`. 
Sativa@DESKTOP-RJI8GMK MINGW64 ~/test/ironhack/datamex0120/module-1/lab-bash (lab-bash)
$ sed 's/et/ET/g' lorem/at.txt
At vero eos ET accusamus ET iusto odio dignissimos ducimus qui blanditiis praesentium voluptatum
deleniti atque corrupti quos dolores ET quas molestias excepturi sint occaecati cupiditate non
provident, similique sunt in culpa qui officia deserunt mollitia animi, id est laborum ET dolorum fuga.
Et harum quidem rerum facilis est ET expedita distinctio.
Nam libero tempore, cum soluta nobis est eligendi optio cumque nihil impedit quo minus id quod
maxime placeat facere possimus, omnis voluptas assumenda est, omnis dolor repellendus.
Temporibus autem quibusdam ET aut officiis debitis aut rerum necessitatibus saepe eveniET
ut ET voluptates repudiandae sint ET molestiae non recusandae.
Itaque earum rerum hic tenETur a sapiente delectus, ut aut reiciendis voluptatibus maiores
alias consequatur aut perferendis doloribus asperiores repellat

------Encuentra al usuario activo en el sistema.
Sativa@DESKTOP-RJI8GMK MINGW64 ~/test/ironhack/datamex0120/module-1/lab-bash (lab-bash)
$ whoami
Sativa

------Encuentra dónde estás en tu sistema de ficheros.
Sativa@DESKTOP-RJI8GMK MINGW64 ~/test/ironhack/datamex0120/module-1/lab-bash (lab-bash)
$ pwd
/c/Users/Sativa/test/ironhack/datamex0120/module-1/lab-bash

------Lista los archivos que terminan por `.txt` en la carpeta lorem.
Sativa@DESKTOP-RJI8GMK MINGW64 ~/test/ironhack/datamex0120/module-1/lab-bash (lab-bash)
$ ls lorem/*txt
lorem/at.txt  lorem/lorem.txt  lorem/sed.txt

------Cuenta el número de lineas que tiene el archivo `sed.txt` dentro de la carpeta lorem. Tendrás que encadenar `cat` y `wc` mediante el pipe `|`.
Sativa@DESKTOP-RJI8GMK MINGW64 ~/test/ironhack/datamex0120/module-1/lab-bash (lab-bash)
$ cat lorem/sed.txt | wc -l
8

------Cuenta el número de **archivos** que empiezan por `lorem` que están en este directorio y en directorios internos
Sativa@DESKTOP-RJI8GMK MINGW64 ~/test/ironhack/datamex0120/module-1/lab-bash (lab-bash)
$ ls lorem | wc -l
3

------Encuentra todas las apariciones de `et` en `at.txt` dentro de la carpeta lorem.
Sativa@DESKTOP-RJI8GMK MINGW64 ~/test/ironhack/datamex0120/module-1/lab-bash (lab-bash)
$ grep "et" lorem/at.txt
At vero eos et accusamus et iusto odio dignissimos ducimus qui blanditiis praesentium voluptatum
deleniti atque corrupti quos dolores et quas molestias excepturi sint occaecati cupiditate non
provident, similique sunt in culpa qui officia deserunt mollitia animi, id est laborum et dolorum fuga.
Et harum quidem rerum facilis est et expedita distinctio.
Temporibus autem quibusdam et aut officiis debitis aut rerum necessitatibus saepe eveniet
ut et voluptates repudiandae sint et molestiae non recusandae.
Itaque earum rerum hic tenetur a sapiente delectus, ut aut reiciendis voluptatibus maiores

------Cuenta el número de apariciones del string `et` en `at.txt` dentro de la carpeta lorem. Para ello debes obtener sólo los string buscados y contar las lineas. 
Sativa@DESKTOP-RJI8GMK MINGW64 ~/test/ironhack/datamex0120/module-1/lab-bash (lab-bash)
$ grep "et" lorem/at.txt | wc -l
7

------Cuenta el número de apariciones del string `et` en todos los archivos del directorio lorem-copy. 
Sativa@DESKTOP-RJI8GMK MINGW64 ~/test/ironhack/datamex0120/module-1/lab-bash (lab-bash)
$ grep -r "et" lorem-copy/*.txt | wc -l
11


